Analysis & Synthesis report for HW3
Thu Dec 01 16:11:11 2022
Quartus II 64-Bit Version 13.0.1 Build 232 06/12/2013 Service Pack 1 SJ Web Edition


---------------------
; Table of Contents ;
---------------------
  1. Legal Notice
  2. Analysis & Synthesis Summary
  3. Analysis & Synthesis Settings
  4. Parallel Compilation
  5. Analysis & Synthesis Source Files Read
  6. Analysis & Synthesis Resource Usage Summary
  7. Analysis & Synthesis Resource Utilization by Entity
  8. User-Specified and Inferred Latches
  9. Registers Removed During Synthesis
 10. General Register Statistics
 11. Multiplexer Restructuring Statistics (Restructuring Performed)
 12. Parameter Settings for User Entity Instance: Top-level Entity: |HW3
 13. Elapsed Time Per Partition
 14. Analysis & Synthesis Messages
 15. Analysis & Synthesis Suppressed Messages



----------------
; Legal Notice ;
----------------
Copyright (C) 1991-2013 Altera Corporation
Your use of Altera Corporation's design tools, logic functions 
and other software and tools, and its AMPP partner logic 
functions, and any output files from any of the foregoing 
(including device programming or simulation files), and any 
associated documentation or information are expressly subject 
to the terms and conditions of the Altera Program License 
Subscription Agreement, Altera MegaCore Function License 
Agreement, or other applicable license agreement, including, 
without limitation, that your use is for the sole purpose of 
programming logic devices manufactured by Altera and sold by 
Altera or its authorized distributors.  Please refer to the 
applicable agreement for further details.



+--------------------------------------------------------------------------------------+
; Analysis & Synthesis Summary                                                         ;
+------------------------------------+-------------------------------------------------+
; Analysis & Synthesis Status        ; Successful - Thu Dec 01 16:11:11 2022           ;
; Quartus II 64-Bit Version          ; 13.0.1 Build 232 06/12/2013 SP 1 SJ Web Edition ;
; Revision Name                      ; HW3                                             ;
; Top-level Entity Name              ; HW3                                             ;
; Family                             ; Cyclone IV E                                    ;
; Total logic elements               ; 487                                             ;
;     Total combinational functions  ; 485                                             ;
;     Dedicated logic registers      ; 172                                             ;
; Total registers                    ; 172                                             ;
; Total pins                         ; 105                                             ;
; Total virtual pins                 ; 0                                               ;
; Total memory bits                  ; 0                                               ;
; Embedded Multiplier 9-bit elements ; 0                                               ;
; Total PLLs                         ; 0                                               ;
+------------------------------------+-------------------------------------------------+


+----------------------------------------------------------------------------------------------------------------------+
; Analysis & Synthesis Settings                                                                                        ;
+----------------------------------------------------------------------------+--------------------+--------------------+
; Option                                                                     ; Setting            ; Default Value      ;
+----------------------------------------------------------------------------+--------------------+--------------------+
; Device                                                                     ; EP4CE115F29C7      ;                    ;
; Top-level entity name                                                      ; HW3                ; HW3                ;
; Family name                                                                ; Cyclone IV E       ; Cyclone IV GX      ;
; Use smart compilation                                                      ; Off                ; Off                ;
; Enable parallel Assembler and TimeQuest Timing Analyzer during compilation ; On                 ; On                 ;
; Enable compact report table                                                ; Off                ; Off                ;
; Restructure Multiplexers                                                   ; Auto               ; Auto               ;
; Create Debugging Nodes for IP Cores                                        ; Off                ; Off                ;
; Preserve fewer node names                                                  ; On                 ; On                 ;
; Disable OpenCore Plus hardware evaluation                                  ; Off                ; Off                ;
; Verilog Version                                                            ; Verilog_2001       ; Verilog_2001       ;
; VHDL Version                                                               ; VHDL_1993          ; VHDL_1993          ;
; State Machine Processing                                                   ; Auto               ; Auto               ;
; Safe State Machine                                                         ; Off                ; Off                ;
; Extract Verilog State Machines                                             ; On                 ; On                 ;
; Extract VHDL State Machines                                                ; On                 ; On                 ;
; Ignore Verilog initial constructs                                          ; Off                ; Off                ;
; Iteration limit for constant Verilog loops                                 ; 5000               ; 5000               ;
; Iteration limit for non-constant Verilog loops                             ; 250                ; 250                ;
; Add Pass-Through Logic to Inferred RAMs                                    ; On                 ; On                 ;
; Infer RAMs from Raw Logic                                                  ; On                 ; On                 ;
; Parallel Synthesis                                                         ; On                 ; On                 ;
; DSP Block Balancing                                                        ; Auto               ; Auto               ;
; NOT Gate Push-Back                                                         ; On                 ; On                 ;
; Power-Up Don't Care                                                        ; On                 ; On                 ;
; Remove Redundant Logic Cells                                               ; Off                ; Off                ;
; Remove Duplicate Registers                                                 ; On                 ; On                 ;
; Ignore CARRY Buffers                                                       ; Off                ; Off                ;
; Ignore CASCADE Buffers                                                     ; Off                ; Off                ;
; Ignore GLOBAL Buffers                                                      ; Off                ; Off                ;
; Ignore ROW GLOBAL Buffers                                                  ; Off                ; Off                ;
; Ignore LCELL Buffers                                                       ; Off                ; Off                ;
; Ignore SOFT Buffers                                                        ; On                 ; On                 ;
; Limit AHDL Integers to 32 Bits                                             ; Off                ; Off                ;
; Optimization Technique                                                     ; Balanced           ; Balanced           ;
; Carry Chain Length                                                         ; 70                 ; 70                 ;
; Auto Carry Chains                                                          ; On                 ; On                 ;
; Auto Open-Drain Pins                                                       ; On                 ; On                 ;
; Perform WYSIWYG Primitive Resynthesis                                      ; Off                ; Off                ;
; Auto ROM Replacement                                                       ; On                 ; On                 ;
; Auto RAM Replacement                                                       ; On                 ; On                 ;
; Auto DSP Block Replacement                                                 ; On                 ; On                 ;
; Auto Shift Register Replacement                                            ; Auto               ; Auto               ;
; Allow Shift Register Merging across Hierarchies                            ; Auto               ; Auto               ;
; Auto Clock Enable Replacement                                              ; On                 ; On                 ;
; Strict RAM Replacement                                                     ; Off                ; Off                ;
; Allow Synchronous Control Signals                                          ; On                 ; On                 ;
; Force Use of Synchronous Clear Signals                                     ; Off                ; Off                ;
; Auto RAM Block Balancing                                                   ; On                 ; On                 ;
; Auto RAM to Logic Cell Conversion                                          ; Off                ; Off                ;
; Auto Resource Sharing                                                      ; Off                ; Off                ;
; Allow Any RAM Size For Recognition                                         ; Off                ; Off                ;
; Allow Any ROM Size For Recognition                                         ; Off                ; Off                ;
; Allow Any Shift Register Size For Recognition                              ; Off                ; Off                ;
; Use LogicLock Constraints during Resource Balancing                        ; On                 ; On                 ;
; Ignore translate_off and synthesis_off directives                          ; Off                ; Off                ;
; Timing-Driven Synthesis                                                    ; On                 ; On                 ;
; Report Parameter Settings                                                  ; On                 ; On                 ;
; Report Source Assignments                                                  ; On                 ; On                 ;
; Report Connectivity Checks                                                 ; On                 ; On                 ;
; Ignore Maximum Fan-Out Assignments                                         ; Off                ; Off                ;
; Synchronization Register Chain Length                                      ; 2                  ; 2                  ;
; PowerPlay Power Optimization                                               ; Normal compilation ; Normal compilation ;
; HDL message level                                                          ; Level2             ; Level2             ;
; Suppress Register Optimization Related Messages                            ; Off                ; Off                ;
; Number of Removed Registers Reported in Synthesis Report                   ; 5000               ; 5000               ;
; Number of Swept Nodes Reported in Synthesis Report                         ; 5000               ; 5000               ;
; Number of Inverted Registers Reported in Synthesis Report                  ; 100                ; 100                ;
; Clock MUX Protection                                                       ; On                 ; On                 ;
; Auto Gated Clock Conversion                                                ; Off                ; Off                ;
; Block Design Naming                                                        ; Auto               ; Auto               ;
; SDC constraint protection                                                  ; Off                ; Off                ;
; Synthesis Effort                                                           ; Auto               ; Auto               ;
; Shift Register Replacement - Allow Asynchronous Clear Signal               ; On                 ; On                 ;
; Pre-Mapping Resynthesis Optimization                                       ; Off                ; Off                ;
; Analysis & Synthesis Message Level                                         ; Medium             ; Medium             ;
; Disable Register Merging Across Hierarchies                                ; Auto               ; Auto               ;
; Resource Aware Inference For Block RAM                                     ; On                 ; On                 ;
; Synthesis Seed                                                             ; 1                  ; 1                  ;
+----------------------------------------------------------------------------+--------------------+--------------------+


Parallel compilation was disabled, but you have multiple processors available. Enable parallel compilation to reduce compilation time.
+-------------------------------------+
; Parallel Compilation                ;
+----------------------------+--------+
; Processors                 ; Number ;
+----------------------------+--------+
; Number detected on machine ; 16     ;
; Maximum allowed            ; 1      ;
+----------------------------+--------+


+-----------------------------------------------------------------------------------------------------------------------------------------------------------------------------+
; Analysis & Synthesis Source Files Read                                                                                                                                      ;
+----------------------------------+-----------------+------------------------+-------------------------------------------------------------------------------------+---------+
; File Name with User-Entered Path ; Used in Netlist ; File Type              ; File Name with Absolute Path                                                        ; Library ;
+----------------------------------+-----------------+------------------------+-------------------------------------------------------------------------------------+---------+
; HW3.v                            ; yes             ; User Verilog HDL File  ; C:/Users/dht98/Downloads/NKUST/NKUST_Digital_System_Design_110/111-1/1124/HW3/HW3.v ;         ;
+----------------------------------+-----------------+------------------------+-------------------------------------------------------------------------------------+---------+


+--------------------------------------------------------+
; Analysis & Synthesis Resource Usage Summary            ;
+---------------------------------------------+----------+
; Resource                                    ; Usage    ;
+---------------------------------------------+----------+
; Estimated Total logic elements              ; 487      ;
;                                             ;          ;
; Total combinational functions               ; 485      ;
; Logic element usage by number of LUT inputs ;          ;
;     -- 4 input functions                    ; 230      ;
;     -- 3 input functions                    ; 84       ;
;     -- <=2 input functions                  ; 171      ;
;                                             ;          ;
; Logic elements by mode                      ;          ;
;     -- normal mode                          ; 361      ;
;     -- arithmetic mode                      ; 124      ;
;                                             ;          ;
; Total registers                             ; 172      ;
;     -- Dedicated logic registers            ; 172      ;
;     -- I/O registers                        ; 0        ;
;                                             ;          ;
; I/O pins                                    ; 105      ;
; Embedded Multiplier 9-bit elements          ; 0        ;
; Maximum fan-out node                        ; State[0] ;
; Maximum fan-out                             ; 126      ;
; Total fan-out                               ; 2218     ;
; Average fan-out                             ; 2.56     ;
+---------------------------------------------+----------+


+-----------------------------------------------------------------------------------------------------------------------------------------------------------------------------+
; Analysis & Synthesis Resource Utilization by Entity                                                                                                                         ;
+----------------------------+-------------------+--------------+-------------+--------------+---------+-----------+------+--------------+---------------------+--------------+
; Compilation Hierarchy Node ; LC Combinationals ; LC Registers ; Memory Bits ; DSP Elements ; DSP 9x9 ; DSP 18x18 ; Pins ; Virtual Pins ; Full Hierarchy Name ; Library Name ;
+----------------------------+-------------------+--------------+-------------+--------------+---------+-----------+------+--------------+---------------------+--------------+
; |HW3                       ; 485 (255)         ; 172 (106)    ; 0           ; 0            ; 0       ; 0         ; 105  ; 0            ; |HW3                ; work         ;
;    |Debounce:U8|           ; 44 (44)           ; 33 (33)      ; 0           ; 0            ; 0       ; 0         ; 0    ; 0            ; |HW3|Debounce:U8    ; work         ;
;    |Debounce:U9|           ; 44 (44)           ; 33 (33)      ; 0           ; 0            ; 0       ; 0         ; 0    ; 0            ; |HW3|Debounce:U9    ; work         ;
;    |LED_Decoder:U0|        ; 17 (17)           ; 0 (0)        ; 0           ; 0            ; 0       ; 0         ; 0    ; 0            ; |HW3|LED_Decoder:U0 ; work         ;
;    |LED_Decoder:U1|        ; 7 (7)             ; 0 (0)        ; 0           ; 0            ; 0       ; 0         ; 0    ; 0            ; |HW3|LED_Decoder:U1 ; work         ;
;    |LED_Decoder:U2|        ; 17 (17)           ; 0 (0)        ; 0           ; 0            ; 0       ; 0         ; 0    ; 0            ; |HW3|LED_Decoder:U2 ; work         ;
;    |LED_Decoder:U3|        ; 10 (10)           ; 0 (0)        ; 0           ; 0            ; 0       ; 0         ; 0    ; 0            ; |HW3|LED_Decoder:U3 ; work         ;
;    |LED_Decoder:U4|        ; 22 (22)           ; 0 (0)        ; 0           ; 0            ; 0       ; 0         ; 0    ; 0            ; |HW3|LED_Decoder:U4 ; work         ;
;    |LED_Decoder:U5|        ; 22 (22)           ; 0 (0)        ; 0           ; 0            ; 0       ; 0         ; 0    ; 0            ; |HW3|LED_Decoder:U5 ; work         ;
;    |LED_Decoder:U6|        ; 22 (22)           ; 0 (0)        ; 0           ; 0            ; 0       ; 0         ; 0    ; 0            ; |HW3|LED_Decoder:U6 ; work         ;
;    |LED_Decoder:U7|        ; 25 (25)           ; 0 (0)        ; 0           ; 0            ; 0       ; 0         ; 0    ; 0            ; |HW3|LED_Decoder:U7 ; work         ;
+----------------------------+-------------------+--------------+-------------+--------------+---------+-----------+------+--------------+---------------------+--------------+
Note: For table entries with two numbers listed, the numbers in parentheses indicate the number of resources of the given type used by the specific entity alone. The numbers listed outside of parentheses indicate the total resources of the given type used by the specific entity and all of its sub-entities in the hierarchy.


+----------------------------------------------------------------------------------------------------+
; User-Specified and Inferred Latches                                                                ;
+-----------------------------------------------------+---------------------+------------------------+
; Latch Name                                          ; Latch Enable Signal ; Free of Timing Hazards ;
+-----------------------------------------------------+---------------------+------------------------+
; B[0]                                                ; Mux2                ; yes                    ;
; B[1]                                                ; Mux2                ; yes                    ;
; B[2]                                                ; Mux2                ; yes                    ;
; B[3]                                                ; Mux2                ; yes                    ;
; A[0]                                                ; Mux2                ; yes                    ;
; A[1]                                                ; Mux2                ; yes                    ;
; A[2]                                                ; Mux2                ; yes                    ;
; A[3]                                                ; Mux2                ; yes                    ;
; answer[0]                                           ; Decoder0            ; yes                    ;
; guess[0]                                            ; Mux6                ; yes                    ;
; guess[1]                                            ; Mux6                ; yes                    ;
; answer[1]                                           ; Decoder0            ; yes                    ;
; guess[2]                                            ; Mux6                ; yes                    ;
; answer[2]                                           ; Decoder0            ; yes                    ;
; guess[3]                                            ; Mux6                ; yes                    ;
; answer[3]                                           ; Decoder0            ; yes                    ;
; guess[4]                                            ; Mux6                ; yes                    ;
; answer[4]                                           ; Decoder0            ; yes                    ;
; guess[5]                                            ; Mux6                ; yes                    ;
; answer[5]                                           ; Decoder0            ; yes                    ;
; guess[6]                                            ; Mux6                ; yes                    ;
; answer[6]                                           ; Decoder0            ; yes                    ;
; guess[7]                                            ; Mux6                ; yes                    ;
; answer[7]                                           ; Decoder0            ; yes                    ;
; guess[8]                                            ; Mux6                ; yes                    ;
; answer[8]                                           ; Decoder0            ; yes                    ;
; guess[9]                                            ; Mux6                ; yes                    ;
; answer[9]                                           ; Decoder0            ; yes                    ;
; guess[10]                                           ; Mux6                ; yes                    ;
; answer[10]                                          ; Decoder0            ; yes                    ;
; guess[11]                                           ; Mux6                ; yes                    ;
; answer[11]                                          ; Decoder0            ; yes                    ;
; guess[12]                                           ; Mux6                ; yes                    ;
; answer[12]                                          ; Decoder0            ; yes                    ;
; guess[13]                                           ; Mux6                ; yes                    ;
; answer[13]                                          ; Decoder0            ; yes                    ;
; guess[14]                                           ; Mux6                ; yes                    ;
; answer[14]                                          ; Decoder0            ; yes                    ;
; guess[15]                                           ; Mux6                ; yes                    ;
; answer[15]                                          ; Decoder0            ; yes                    ;
; Number of user-specified and inferred latches = 40  ;                     ;                        ;
+-----------------------------------------------------+---------------------+------------------------+
Note: All latches listed above may not be present at the end of synthesis due to various synthesis optimizations.


+--------------------------------------------------------------------------------+
; Registers Removed During Synthesis                                             ;
+---------------------------------------+----------------------------------------+
; Register name                         ; Reason for Removal                     ;
+---------------------------------------+----------------------------------------+
; run[3]                                ; Stuck at GND due to stuck port data_in ;
; Total Number of Removed Registers = 1 ;                                        ;
+---------------------------------------+----------------------------------------+


+------------------------------------------------------+
; General Register Statistics                          ;
+----------------------------------------------+-------+
; Statistic                                    ; Value ;
+----------------------------------------------+-------+
; Total registers                              ; 172   ;
; Number of registers using Synchronous Clear  ; 104   ;
; Number of registers using Synchronous Load   ; 36    ;
; Number of registers using Asynchronous Clear ; 4     ;
; Number of registers using Asynchronous Load  ; 0     ;
; Number of registers using Clock Enable       ; 5     ;
; Number of registers using Preset             ; 0     ;
+----------------------------------------------+-------+


+------------------------------------------------------------------------------------------------------------------------------------------+
; Multiplexer Restructuring Statistics (Restructuring Performed)                                                                           ;
+--------------------+-----------+---------------+----------------------+------------------------+------------+----------------------------+
; Multiplexer Inputs ; Bus Width ; Baseline Area ; Area if Restructured ; Saving if Restructured ; Registered ; Example Multiplexer Output ;
+--------------------+-----------+---------------+----------------------+------------------------+------------+----------------------------+
; 4:1                ; 17 bits   ; 34 LEs        ; 34 LEs               ; 0 LEs                  ; Yes        ; |HW3|LEDR[17]~reg0         ;
; 4:1                ; 11 bits   ; 22 LEs        ; 22 LEs               ; 0 LEs                  ; Yes        ; |HW3|out[3]                ;
; 3:1                ; 4 bits    ; 8 LEs         ; 8 LEs                ; 0 LEs                  ; Yes        ; |HW3|out[14]               ;
; 3:1                ; 32 bits   ; 64 LEs        ; 32 LEs               ; 32 LEs                 ; Yes        ; |HW3|Debounce:U8|count[10] ;
; 3:1                ; 32 bits   ; 64 LEs        ; 32 LEs               ; 32 LEs                 ; Yes        ; |HW3|Debounce:U9|count[25] ;
; 4:1                ; 4 bits    ; 8 LEs         ; 4 LEs                ; 4 LEs                  ; Yes        ; |HW3|run[2]                ;
; 9:1                ; 2 bits    ; 12 LEs        ; 6 LEs                ; 6 LEs                  ; Yes        ; |HW3|NextState[1]          ;
; 4:1                ; 3 bits    ; 6 LEs         ; 6 LEs                ; 0 LEs                  ; No         ; |HW3|Mux4                  ;
; 4:1                ; 3 bits    ; 6 LEs         ; 6 LEs                ; 0 LEs                  ; No         ; |HW3|Mux64                 ;
; 3:1                ; 8 bits    ; 16 LEs        ; 16 LEs               ; 0 LEs                  ; No         ; |HW3|LED_Decoder:U1|out[6] ;
; 3:1                ; 36 bits   ; 72 LEs        ; 72 LEs               ; 0 LEs                  ; No         ; |HW3|LED_Decoder:U6|out[0] ;
; 10:1               ; 2 bits    ; 12 LEs        ; 8 LEs                ; 4 LEs                  ; No         ; |HW3|LED_Decoder:U7|out[5] ;
; 10:1               ; 2 bits    ; 12 LEs        ; 8 LEs                ; 4 LEs                  ; No         ; |HW3|LED_Decoder:U6|out[3] ;
; 10:1               ; 2 bits    ; 12 LEs        ; 8 LEs                ; 4 LEs                  ; No         ; |HW3|LED_Decoder:U5|out[3] ;
; 10:1               ; 2 bits    ; 12 LEs        ; 8 LEs                ; 4 LEs                  ; No         ; |HW3|LED_Decoder:U4|out[3] ;
; 10:1               ; 2 bits    ; 12 LEs        ; 8 LEs                ; 4 LEs                  ; No         ; |HW3|LED_Decoder:U2|out[3] ;
; 10:1               ; 2 bits    ; 12 LEs        ; 8 LEs                ; 4 LEs                  ; No         ; |HW3|LED_Decoder:U0|out[5] ;
+--------------------+-----------+---------------+----------------------+------------------------+------------+----------------------------+


+---------------------------------------------------------------------+
; Parameter Settings for User Entity Instance: Top-level Entity: |HW3 ;
+----------------+-------+--------------------------------------------+
; Parameter Name ; Value ; Type                                       ;
+----------------+-------+--------------------------------------------+
; Set            ; 00    ; Unsigned Binary                            ;
; Waiting        ; 01    ; Unsigned Binary                            ;
; Play           ; 10    ; Unsigned Binary                            ;
; SEnd           ; 11    ; Unsigned Binary                            ;
+----------------+-------+--------------------------------------------+
Note: In order to hide this table in the UI and the text report file, please set the "Show Parameter Settings in Synthesis Report" option in "Analysis and Synthesis Settings -> More Settings" to "Off".


+-------------------------------+
; Elapsed Time Per Partition    ;
+----------------+--------------+
; Partition Name ; Elapsed Time ;
+----------------+--------------+
; Top            ; 00:00:01     ;
+----------------+--------------+


+-------------------------------+
; Analysis & Synthesis Messages ;
+-------------------------------+
Info: *******************************************************************
Info: Running Quartus II 64-Bit Analysis & Synthesis
    Info: Version 13.0.1 Build 232 06/12/2013 Service Pack 1 SJ Web Edition
    Info: Processing started: Thu Dec 01 16:11:09 2022
Info: Command: quartus_map --read_settings_files=on --write_settings_files=off HW3 -c HW3
Warning (20028): Parallel compilation is not licensed and has been disabled
Info (12021): Found 3 design units, including 3 entities, in source file hw3.v
    Info (12023): Found entity 1: HW3
    Info (12023): Found entity 2: LED_Decoder
    Info (12023): Found entity 3: Debounce
Info (12127): Elaborating entity "HW3" for the top level hierarchy
Warning (10036): Verilog HDL or VHDL warning at HW3.v(29): object "flag" assigned a value but never read
Warning (10230): Verilog HDL assignment warning at HW3.v(67): truncated value with size 32 to match size of target (4)
Warning (10230): Verilog HDL assignment warning at HW3.v(100): truncated value with size 32 to match size of target (18)
Warning (10230): Verilog HDL assignment warning at HW3.v(192): truncated value with size 32 to match size of target (4)
Warning (10230): Verilog HDL assignment warning at HW3.v(193): truncated value with size 32 to match size of target (4)
Warning (10230): Verilog HDL assignment warning at HW3.v(194): truncated value with size 32 to match size of target (4)
Warning (10230): Verilog HDL assignment warning at HW3.v(195): truncated value with size 32 to match size of target (4)
Warning (10230): Verilog HDL assignment warning at HW3.v(198): truncated value with size 32 to match size of target (4)
Warning (10230): Verilog HDL assignment warning at HW3.v(199): truncated value with size 32 to match size of target (4)
Warning (10230): Verilog HDL assignment warning at HW3.v(200): truncated value with size 32 to match size of target (4)
Warning (10230): Verilog HDL assignment warning at HW3.v(201): truncated value with size 32 to match size of target (4)
Warning (10240): Verilog HDL Always Construct warning at HW3.v(171): inferring latch(es) for variable "A", which holds its previous value in one or more paths through the always construct
Warning (10240): Verilog HDL Always Construct warning at HW3.v(171): inferring latch(es) for variable "B", which holds its previous value in one or more paths through the always construct
Warning (10240): Verilog HDL Always Construct warning at HW3.v(171): inferring latch(es) for variable "guess", which holds its previous value in one or more paths through the always construct
Warning (10240): Verilog HDL Always Construct warning at HW3.v(171): inferring latch(es) for variable "answer", which holds its previous value in one or more paths through the always construct
Warning (10034): Output port "LEDG[7]" at HW3.v(23) has no driver
Warning (10034): Output port "LEDG[5..3]" at HW3.v(23) has no driver
Info (10041): Inferred latch for "answer[0]" at HW3.v(171)
Info (10041): Inferred latch for "answer[1]" at HW3.v(171)
Info (10041): Inferred latch for "answer[2]" at HW3.v(171)
Info (10041): Inferred latch for "answer[3]" at HW3.v(171)
Info (10041): Inferred latch for "answer[4]" at HW3.v(171)
Info (10041): Inferred latch for "answer[5]" at HW3.v(171)
Info (10041): Inferred latch for "answer[6]" at HW3.v(171)
Info (10041): Inferred latch for "answer[7]" at HW3.v(171)
Info (10041): Inferred latch for "answer[8]" at HW3.v(171)
Info (10041): Inferred latch for "answer[9]" at HW3.v(171)
Info (10041): Inferred latch for "answer[10]" at HW3.v(171)
Info (10041): Inferred latch for "answer[11]" at HW3.v(171)
Info (10041): Inferred latch for "answer[12]" at HW3.v(171)
Info (10041): Inferred latch for "answer[13]" at HW3.v(171)
Info (10041): Inferred latch for "answer[14]" at HW3.v(171)
Info (10041): Inferred latch for "answer[15]" at HW3.v(171)
Info (10041): Inferred latch for "answer[16]" at HW3.v(171)
Info (10041): Inferred latch for "answer[17]" at HW3.v(171)
Info (10041): Inferred latch for "guess[0]" at HW3.v(171)
Info (10041): Inferred latch for "guess[1]" at HW3.v(171)
Info (10041): Inferred latch for "guess[2]" at HW3.v(171)
Info (10041): Inferred latch for "guess[3]" at HW3.v(171)
Info (10041): Inferred latch for "guess[4]" at HW3.v(171)
Info (10041): Inferred latch for "guess[5]" at HW3.v(171)
Info (10041): Inferred latch for "guess[6]" at HW3.v(171)
Info (10041): Inferred latch for "guess[7]" at HW3.v(171)
Info (10041): Inferred latch for "guess[8]" at HW3.v(171)
Info (10041): Inferred latch for "guess[9]" at HW3.v(171)
Info (10041): Inferred latch for "guess[10]" at HW3.v(171)
Info (10041): Inferred latch for "guess[11]" at HW3.v(171)
Info (10041): Inferred latch for "guess[12]" at HW3.v(171)
Info (10041): Inferred latch for "guess[13]" at HW3.v(171)
Info (10041): Inferred latch for "guess[14]" at HW3.v(171)
Info (10041): Inferred latch for "guess[15]" at HW3.v(171)
Info (10041): Inferred latch for "guess[16]" at HW3.v(171)
Info (10041): Inferred latch for "guess[17]" at HW3.v(171)
Info (10041): Inferred latch for "B[0]" at HW3.v(171)
Info (10041): Inferred latch for "B[1]" at HW3.v(171)
Info (10041): Inferred latch for "B[2]" at HW3.v(171)
Info (10041): Inferred latch for "B[3]" at HW3.v(171)
Info (10041): Inferred latch for "A[0]" at HW3.v(171)
Info (10041): Inferred latch for "A[1]" at HW3.v(171)
Info (10041): Inferred latch for "A[2]" at HW3.v(171)
Info (10041): Inferred latch for "A[3]" at HW3.v(171)
Info (12128): Elaborating entity "LED_Decoder" for hierarchy "LED_Decoder:U0"
Warning (10240): Verilog HDL Always Construct warning at HW3.v(223): inferring latch(es) for variable "out", which holds its previous value in one or more paths through the always construct
Info (10041): Inferred latch for "out[0]" at HW3.v(223)
Info (10041): Inferred latch for "out[1]" at HW3.v(223)
Info (10041): Inferred latch for "out[2]" at HW3.v(223)
Info (10041): Inferred latch for "out[3]" at HW3.v(223)
Info (10041): Inferred latch for "out[4]" at HW3.v(223)
Info (10041): Inferred latch for "out[5]" at HW3.v(223)
Info (10041): Inferred latch for "out[6]" at HW3.v(223)
Info (12128): Elaborating entity "Debounce" for hierarchy "Debounce:U8"
Warning (14026): LATCH primitive "LED_Decoder:U7|out[2]" is permanently enabled
Warning (14026): LATCH primitive "LED_Decoder:U7|out[1]" is permanently enabled
Warning (14026): LATCH primitive "LED_Decoder:U7|out[0]" is permanently enabled
Warning (14026): LATCH primitive "LED_Decoder:U7|out[4]" is permanently enabled
Warning (14026): LATCH primitive "LED_Decoder:U7|out[5]" is permanently enabled
Warning (14026): LATCH primitive "LED_Decoder:U7|out[6]" is permanently enabled
Warning (14026): LATCH primitive "LED_Decoder:U7|out[3]" is permanently enabled
Warning (14026): LATCH primitive "LED_Decoder:U6|out[2]" is permanently enabled
Warning (14026): LATCH primitive "LED_Decoder:U6|out[1]" is permanently enabled
Warning (14026): LATCH primitive "LED_Decoder:U6|out[0]" is permanently enabled
Warning (14026): LATCH primitive "LED_Decoder:U6|out[4]" is permanently enabled
Warning (14026): LATCH primitive "LED_Decoder:U6|out[5]" is permanently enabled
Warning (14026): LATCH primitive "LED_Decoder:U6|out[6]" is permanently enabled
Warning (14026): LATCH primitive "LED_Decoder:U6|out[3]" is permanently enabled
Warning (14026): LATCH primitive "LED_Decoder:U5|out[2]" is permanently enabled
Warning (14026): LATCH primitive "LED_Decoder:U5|out[1]" is permanently enabled
Warning (14026): LATCH primitive "LED_Decoder:U5|out[0]" is permanently enabled
Warning (14026): LATCH primitive "LED_Decoder:U5|out[4]" is permanently enabled
Warning (14026): LATCH primitive "LED_Decoder:U5|out[5]" is permanently enabled
Warning (14026): LATCH primitive "LED_Decoder:U5|out[6]" is permanently enabled
Warning (14026): LATCH primitive "LED_Decoder:U5|out[3]" is permanently enabled
Warning (14026): LATCH primitive "LED_Decoder:U4|out[2]" is permanently enabled
Warning (14026): LATCH primitive "LED_Decoder:U4|out[1]" is permanently enabled
Warning (14026): LATCH primitive "LED_Decoder:U4|out[0]" is permanently enabled
Warning (14026): LATCH primitive "LED_Decoder:U4|out[4]" is permanently enabled
Warning (14026): LATCH primitive "LED_Decoder:U4|out[5]" is permanently enabled
Warning (14026): LATCH primitive "LED_Decoder:U4|out[6]" is permanently enabled
Warning (14026): LATCH primitive "LED_Decoder:U4|out[3]" is permanently enabled
Warning (14026): LATCH primitive "LED_Decoder:U3|out[2]" is permanently enabled
Warning (14026): LATCH primitive "LED_Decoder:U3|out[1]" is permanently enabled
Warning (14026): LATCH primitive "LED_Decoder:U3|out[0]" is permanently enabled
Warning (14026): LATCH primitive "LED_Decoder:U3|out[4]" is permanently enabled
Warning (14026): LATCH primitive "LED_Decoder:U3|out[5]" is permanently enabled
Warning (14026): LATCH primitive "LED_Decoder:U3|out[6]" is permanently enabled
Warning (14026): LATCH primitive "LED_Decoder:U3|out[3]" is permanently enabled
Warning (14026): LATCH primitive "LED_Decoder:U2|out[2]" is permanently enabled
Warning (14026): LATCH primitive "LED_Decoder:U2|out[1]" is permanently enabled
Warning (14026): LATCH primitive "LED_Decoder:U2|out[0]" is permanently enabled
Warning (14026): LATCH primitive "LED_Decoder:U2|out[4]" is permanently enabled
Warning (14026): LATCH primitive "LED_Decoder:U2|out[5]" is permanently enabled
Warning (14026): LATCH primitive "LED_Decoder:U2|out[6]" is permanently enabled
Warning (14026): LATCH primitive "LED_Decoder:U2|out[3]" is permanently enabled
Warning (14026): LATCH primitive "LED_Decoder:U1|out[2]" is permanently enabled
Warning (14026): LATCH primitive "LED_Decoder:U1|out[1]" is permanently enabled
Warning (14026): LATCH primitive "LED_Decoder:U1|out[0]" is permanently enabled
Warning (14026): LATCH primitive "LED_Decoder:U1|out[4]" is permanently enabled
Warning (14026): LATCH primitive "LED_Decoder:U1|out[5]" is permanently enabled
Warning (14026): LATCH primitive "LED_Decoder:U1|out[6]" is permanently enabled
Warning (14026): LATCH primitive "LED_Decoder:U1|out[3]" is permanently enabled
Warning (14026): LATCH primitive "LED_Decoder:U0|out[2]" is permanently enabled
Warning (14026): LATCH primitive "LED_Decoder:U0|out[1]" is permanently enabled
Warning (14026): LATCH primitive "LED_Decoder:U0|out[0]" is permanently enabled
Warning (14026): LATCH primitive "LED_Decoder:U0|out[4]" is permanently enabled
Warning (14026): LATCH primitive "LED_Decoder:U0|out[5]" is permanently enabled
Warning (14026): LATCH primitive "LED_Decoder:U0|out[6]" is permanently enabled
Warning (14026): LATCH primitive "LED_Decoder:U0|out[3]" is permanently enabled
Info (13025): Duplicate LATCH primitives merged into single LATCH primitive
    Info (13026): Duplicate LATCH primitive "A[3]" merged with LATCH primitive "B[3]"
Warning (13012): Latch B[0] has unsafe behavior
    Warning (13013): Ports D and ENA on the latch are fed by the same signal State[0]
Warning (13012): Latch B[1] has unsafe behavior
    Warning (13013): Ports D and ENA on the latch are fed by the same signal State[0]
Warning (13012): Latch B[2] has unsafe behavior
    Warning (13013): Ports D and ENA on the latch are fed by the same signal State[0]
Warning (13012): Latch B[3] has unsafe behavior
    Warning (13013): Ports D and ENA on the latch are fed by the same signal State[1]
Warning (13012): Latch A[0] has unsafe behavior
    Warning (13013): Ports D and ENA on the latch are fed by the same signal State[0]
Warning (13012): Latch A[1] has unsafe behavior
    Warning (13013): Ports D and ENA on the latch are fed by the same signal State[0]
Warning (13012): Latch A[2] has unsafe behavior
    Warning (13013): Ports D and ENA on the latch are fed by the same signal State[0]
Warning (13012): Latch guess[0] has unsafe behavior
    Warning (13013): Ports D and ENA on the latch are fed by the same signal State[1]
Warning (13012): Latch guess[1] has unsafe behavior
    Warning (13013): Ports D and ENA on the latch are fed by the same signal State[1]
Warning (13012): Latch guess[2] has unsafe behavior
    Warning (13013): Ports D and ENA on the latch are fed by the same signal State[1]
Warning (13012): Latch guess[3] has unsafe behavior
    Warning (13013): Ports D and ENA on the latch are fed by the same signal State[1]
Warning (13012): Latch guess[4] has unsafe behavior
    Warning (13013): Ports D and ENA on the latch are fed by the same signal State[1]
Warning (13012): Latch guess[5] has unsafe behavior
    Warning (13013): Ports D and ENA on the latch are fed by the same signal State[1]
Warning (13012): Latch guess[6] has unsafe behavior
    Warning (13013): Ports D and ENA on the latch are fed by the same signal State[1]
Warning (13012): Latch guess[7] has unsafe behavior
    Warning (13013): Ports D and ENA on the latch are fed by the same signal State[1]
Warning (13012): Latch guess[8] has unsafe behavior
    Warning (13013): Ports D and ENA on the latch are fed by the same signal State[1]
Warning (13012): Latch guess[9] has unsafe behavior
    Warning (13013): Ports D and ENA on the latch are fed by the same signal State[1]
Warning (13012): Latch guess[10] has unsafe behavior
    Warning (13013): Ports D and ENA on the latch are fed by the same signal State[1]
Warning (13012): Latch guess[11] has unsafe behavior
    Warning (13013): Ports D and ENA on the latch are fed by the same signal State[1]
Warning (13012): Latch guess[12] has unsafe behavior
    Warning (13013): Ports D and ENA on the latch are fed by the same signal State[1]
Warning (13012): Latch guess[13] has unsafe behavior
    Warning (13013): Ports D and ENA on the latch are fed by the same signal State[1]
Warning (13012): Latch guess[14] has unsafe behavior
    Warning (13013): Ports D and ENA on the latch are fed by the same signal State[1]
Warning (13012): Latch guess[15] has unsafe behavior
    Warning (13013): Ports D and ENA on the latch are fed by the same signal State[1]
Warning (13024): Output pins are stuck at VCC or GND
    Warning (13410): Pin "LEDG[3]" is stuck at GND
    Warning (13410): Pin "LEDG[4]" is stuck at GND
    Warning (13410): Pin "LEDG[5]" is stuck at GND
    Warning (13410): Pin "LEDG[7]" is stuck at GND
Info (286030): Timing-Driven Synthesis is running
Info (144001): Generated suppressed messages file C:/Users/dht98/Downloads/NKUST/NKUST_Digital_System_Design_110/111-1/1124/HW3/output_files/HW3.map.smsg
Info (16010): Generating hard_block partition "hard_block:auto_generated_inst"
    Info (16011): Adding 0 node(s), including 0 DDIO, 0 PLL, 0 transceiver and 0 LCELL
Warning (21074): Design contains 2 input pin(s) that do not drive logic
    Warning (15610): No output dependent on input pin "KEY[0]"
    Warning (15610): No output dependent on input pin "KEY[2]"
Info (21057): Implemented 592 device resources after synthesis - the final resource count might be different
    Info (21058): Implemented 23 input pins
    Info (21059): Implemented 82 output pins
    Info (21061): Implemented 487 logic cells
Info: Quartus II 64-Bit Analysis & Synthesis was successful. 0 errors, 129 warnings
    Info: Peak virtual memory: 4591 megabytes
    Info: Processing ended: Thu Dec 01 16:11:11 2022
    Info: Elapsed time: 00:00:02
    Info: Total CPU time (on all processors): 00:00:02


+------------------------------------------+
; Analysis & Synthesis Suppressed Messages ;
+------------------------------------------+
The suppressed messages can be found in C:/Users/dht98/Downloads/NKUST/NKUST_Digital_System_Design_110/111-1/1124/HW3/output_files/HW3.map.smsg.


